// Jest Snapshot v1, https://goo.gl/fbAQLP

exports[`Тестирование компонента Button Заблокированная кнопка 1`] = `
<button
  className="text text_type_button text_color_primary button undefined false "
  disabled={true}
  type="button"
>
  <p
    className="text undefined"
  />
</button>
`;

exports[`Тестирование компонента Button Кнопка без текста 1`] = `
<button
  className="text text_type_button text_color_primary button undefined false "
  type="button"
>
  <p
    className="text undefined"
  />
</button>
`;

exports[`Тестирование компонента Button Кнопка с индикацией загрузки 1`] = `
<button
  className="text text_type_button text_color_primary button undefined loader "
  disabled={true}
  type="button"
>
  <img
    alt="Загрузка."
    className="loader_icon"
    src="loader.svg"
  />
</button>
`;

exports[`Тестирование компонента Button Кнопка с текстом 1`] = `
<button
  className="text text_type_button text_color_primary button undefined false "
  type="button"
>
  <p
    className="text undefined"
  >
    text
  </p>
</button>
`;
